---
source: tests/libsml-testing.rs
expression: s
input_file: tests/libsml-testing/DZG_DVS-7420.2V.G2_mtr2_neg.bin
---
Ok(
    [
        Message {
            transaction_id: [19, 56, 179, 1],
            group_id: 0,
            abort_on_error: 0,
            message_body: OpenResponse {
                req_file_id: [49],
                server_id: [10, 1, 68, 90, 71, 0, 3, 158, 32, 83],
                ref_time: SecIndex(9513016),
                sml_version: 2,
            },
        },
        Message {
            transaction_id: [20, 56, 179, 1],
            group_id: 0,
            abort_on_error: 0,
            message_body: GetListResponse {
                server_id: [10, 1, 68, 90, 71, 0, 3, 158, 32, 83],
                list_name: [1, 0, 98, 10, 255, 255],
                act_sensor_time: SecIndex(9513016),
                val_list: [
                    ListEntry {
                        obj_name: [1, 0, 96, 50, 1, 1],
                        val_time: SecIndex(0),
                        unit: 0,
                        scaler: 0,
                        value: [68, 90, 71],
                    },
                    ListEntry {
                        obj_name: [1, 0, 96, 1, 0, 255],
                        val_time: SecIndex(0),
                        unit: 0,
                        scaler: 0,
                        value: [10, 1, 68, 90, 71, 0, 3, 158, 32, 83],
                    },
                    ListEntry {
                        obj_name: [1, 0, 1, 8, 0, 255],
                        status: 1861892,
                        val_time: SecIndex(0),
                        unit: 30,
                        scaler: -1,
                        value: 132329,
                    },
                    ListEntry {
                        obj_name: [1, 0, 2, 8, 0, 255],
                        val_time: SecIndex(0),
                        unit: 30,
                        scaler: -1,
                        value: 15003213,
                    },
                    ListEntry {
                        obj_name: [1, 0, 16, 7, 0, 255],
                        val_time: SecIndex(0),
                        unit: 27,
                        scaler: -2,
                        value: -10550,
                    },
                ],
            },
        },
        Message {
            transaction_id: [21, 56, 179, 1],
            group_id: 0,
            abort_on_error: 0,
            message_body: CloseResponse,
        },
    ],
)
Ok(
    [
        Message {
            transaction_id: [22, 56, 179, 1],
            group_id: 0,
            abort_on_error: 0,
            message_body: OpenResponse {
                req_file_id: [49],
                server_id: [10, 1, 68, 90, 71, 0, 3, 158, 32, 83],
                ref_time: SecIndex(9513017),
                sml_version: 2,
            },
        },
        Message {
            transaction_id: [23, 56, 179, 1],
            group_id: 0,
            abort_on_error: 0,
            message_body: GetListResponse {
                server_id: [10, 1, 68, 90, 71, 0, 3, 158, 32, 83],
                list_name: [1, 0, 98, 10, 255, 255],
                act_sensor_time: SecIndex(9513017),
                val_list: [
                    ListEntry {
                        obj_name: [1, 0, 96, 50, 1, 1],
                        val_time: SecIndex(0),
                        unit: 0,
                        scaler: 0,
                        value: [68, 90, 71],
                    },
                    ListEntry {
                        obj_name: [1, 0, 96, 1, 0, 255],
                        val_time: SecIndex(0),
                        unit: 0,
                        scaler: 0,
                        value: [10, 1, 68, 90, 71, 0, 3, 158, 32, 83],
                    },
                    ListEntry {
                        obj_name: [1, 0, 1, 8, 0, 255],
                        status: 1861892,
                        val_time: SecIndex(0),
                        unit: 30,
                        scaler: -1,
                        value: 132329,
                    },
                    ListEntry {
                        obj_name: [1, 0, 2, 8, 0, 255],
                        val_time: SecIndex(0),
                        unit: 30,
                        scaler: -1,
                        value: 15003214,
                    },
                    ListEntry {
                        obj_name: [1, 0, 16, 7, 0, 255],
                        val_time: SecIndex(0),
                        unit: 27,
                        scaler: -2,
                        value: -10678,
                    },
                ],
            },
        },
        Message {
            transaction_id: [24, 56, 179, 1],
            group_id: 0,
            abort_on_error: 0,
            message_body: CloseResponse,
        },
    ],
)
Ok(
    [
        Message {
            transaction_id: [25, 56, 179, 1],
            group_id: 0,
            abort_on_error: 0,
            message_body: OpenResponse {
                req_file_id: [49],
                server_id: [10, 1, 68, 90, 71, 0, 3, 158, 32, 83],
                ref_time: SecIndex(9513018),
                sml_version: 2,
            },
        },
        Message {
            transaction_id: [26, 56, 179, 1],
            group_id: 0,
            abort_on_error: 0,
            message_body: GetListResponse {
                server_id: [10, 1, 68, 90, 71, 0, 3, 158, 32, 83],
                list_name: [1, 0, 98, 10, 255, 255],
                act_sensor_time: SecIndex(9513018),
                val_list: [
                    ListEntry {
                        obj_name: [1, 0, 96, 50, 1, 1],
                        val_time: SecIndex(0),
                        unit: 0,
                        scaler: 0,
                        value: [68, 90, 71],
                    },
                    ListEntry {
                        obj_name: [1, 0, 96, 1, 0, 255],
                        val_time: SecIndex(0),
                        unit: 0,
                        scaler: 0,
                        value: [10, 1, 68, 90, 71, 0, 3, 158, 32, 83],
                    },
                    ListEntry {
                        obj_name: [1, 0, 1, 8, 0, 255],
                        status: 1861892,
                        val_time: SecIndex(0),
                        unit: 30,
                        scaler: -1,
                        value: 132329,
                    },
                    ListEntry {
                        obj_name: [1, 0, 2, 8, 0, 255],
                        val_time: SecIndex(0),
                        unit: 30,
                        scaler: -1,
                        value: 15003214,
                    },
                    ListEntry {
                        obj_name: [1, 0, 16, 7, 0, 255],
                        val_time: SecIndex(0),
                        unit: 27,
                        scaler: -2,
                        value: -10438,
                    },
                ],
            },
        },
        Message {
            transaction_id: [27, 56, 179, 1],
            group_id: 0,
            abort_on_error: 0,
            message_body: CloseResponse,
        },
    ],
)
Err(
    DiscardedBytes(
        200,
    ),
)

