---
source: tests/libsml-testing.rs
expression: s
input_file: tests/libsml-testing/ISKRA_MT631-D2A51-V22-K0z_with_PIN.bin
---
Ok(
    [
        Message {
            transaction_id: [19, 49, 180, 196],
            group_id: 0,
            abort_on_error: 0,
            message_body: OpenResponse {
                req_file_id: [6, 101, 230, 236],
                server_id: [10, 1, 73, 83, 75, 0, 4, 84, 169, 95],
                ref_time: SecIndex(107341989),
                sml_version: 1,
            },
        },
        Message {
            transaction_id: [19, 49, 180, 197],
            group_id: 0,
            abort_on_error: 0,
            message_body: GetListResponse {
                server_id: [10, 1, 73, 83, 75, 0, 4, 84, 169, 95],
                list_name: [1, 0, 98, 10, 255, 255],
                act_sensor_time: SecIndex(107341989),
                val_list: [
                    ListEntry {
                        obj_name: [1, 0, 96, 50, 1, 1],
                        value: [73, 83, 75],
                    },
                    ListEntry {
                        obj_name: [1, 0, 96, 1, 0, 255],
                        value: [10, 1, 73, 83, 75, 0, 4, 84, 169, 95],
                    },
                    ListEntry {
                        obj_name: [1, 0, 1, 8, 0, 255],
                        status: 1835012,
                        unit: 30,
                        scaler: -1,
                        value: 168248565,
                    },
                    ListEntry {
                        obj_name: [1, 0, 1, 8, 1, 255],
                        unit: 30,
                        scaler: -1,
                        value: 45923,
                    },
                    ListEntry {
                        obj_name: [1, 0, 1, 8, 2, 255],
                        unit: 30,
                        scaler: -1,
                        value: 168202642,
                    },
                    ListEntry {
                        obj_name: [1, 0, 16, 7, 0, 255],
                        unit: 27,
                        scaler: 0,
                        value: 0,
                    },
                ],
            },
        },
        Message {
            transaction_id: [19, 49, 180, 198],
            group_id: 0,
            abort_on_error: 0,
            message_body: CloseResponse,
        },
    ],
)
Ok(
    [
        Message {
            transaction_id: [19, 49, 180, 199],
            group_id: 0,
            abort_on_error: 0,
            message_body: OpenResponse {
                req_file_id: [6, 101, 230, 237],
                server_id: [10, 1, 73, 83, 75, 0, 4, 84, 169, 95],
                ref_time: SecIndex(107341990),
                sml_version: 1,
            },
        },
        Message {
            transaction_id: [19, 49, 180, 200],
            group_id: 0,
            abort_on_error: 0,
            message_body: GetListResponse {
                server_id: [10, 1, 73, 83, 75, 0, 4, 84, 169, 95],
                list_name: [1, 0, 98, 10, 255, 255],
                act_sensor_time: SecIndex(107341990),
                val_list: [
                    ListEntry {
                        obj_name: [1, 0, 96, 50, 1, 1],
                        value: [73, 83, 75],
                    },
                    ListEntry {
                        obj_name: [1, 0, 96, 1, 0, 255],
                        value: [10, 1, 73, 83, 75, 0, 4, 84, 169, 95],
                    },
                    ListEntry {
                        obj_name: [1, 0, 1, 8, 0, 255],
                        status: 1835012,
                        unit: 30,
                        scaler: -1,
                        value: 168248565,
                    },
                    ListEntry {
                        obj_name: [1, 0, 1, 8, 1, 255],
                        unit: 30,
                        scaler: -1,
                        value: 45923,
                    },
                    ListEntry {
                        obj_name: [1, 0, 1, 8, 2, 255],
                        unit: 30,
                        scaler: -1,
                        value: 168202642,
                    },
                    ListEntry {
                        obj_name: [1, 0, 16, 7, 0, 255],
                        unit: 27,
                        scaler: 0,
                        value: 0,
                    },
                ],
            },
        },
        Message {
            transaction_id: [19, 49, 180, 201],
            group_id: 0,
            abort_on_error: 0,
            message_body: CloseResponse,
        },
    ],
)
Ok(
    [
        Message {
            transaction_id: [19, 49, 180, 202],
            group_id: 0,
            abort_on_error: 0,
            message_body: OpenResponse {
                req_file_id: [6, 101, 230, 238],
                server_id: [10, 1, 73, 83, 75, 0, 4, 84, 169, 95],
                ref_time: SecIndex(107341991),
                sml_version: 1,
            },
        },
        Message {
            transaction_id: [19, 49, 180, 203],
            group_id: 0,
            abort_on_error: 0,
            message_body: GetListResponse {
                server_id: [10, 1, 73, 83, 75, 0, 4, 84, 169, 95],
                list_name: [1, 0, 98, 10, 255, 255],
                act_sensor_time: SecIndex(107341991),
                val_list: [
                    ListEntry {
                        obj_name: [1, 0, 96, 50, 1, 1],
                        value: [73, 83, 75],
                    },
                    ListEntry {
                        obj_name: [1, 0, 96, 1, 0, 255],
                        value: [10, 1, 73, 83, 75, 0, 4, 84, 169, 95],
                    },
                    ListEntry {
                        obj_name: [1, 0, 1, 8, 0, 255],
                        status: 1835012,
                        unit: 30,
                        scaler: -1,
                        value: 168248565,
                    },
                    ListEntry {
                        obj_name: [1, 0, 1, 8, 1, 255],
                        unit: 30,
                        scaler: -1,
                        value: 45923,
                    },
                    ListEntry {
                        obj_name: [1, 0, 1, 8, 2, 255],
                        unit: 30,
                        scaler: -1,
                        value: 168202642,
                    },
                    ListEntry {
                        obj_name: [1, 0, 16, 7, 0, 255],
                        unit: 27,
                        scaler: 0,
                        value: 0,
                    },
                ],
            },
        },
        Message {
            transaction_id: [19, 49, 180, 204],
            group_id: 0,
            abort_on_error: 0,
            message_body: CloseResponse,
        },
    ],
)
Ok(
    [
        Message {
            transaction_id: [19, 49, 180, 205],
            group_id: 0,
            abort_on_error: 0,
            message_body: OpenResponse {
                req_file_id: [6, 101, 230, 239],
                server_id: [10, 1, 73, 83, 75, 0, 4, 84, 169, 95],
                ref_time: SecIndex(107341992),
                sml_version: 1,
            },
        },
        Message {
            transaction_id: [19, 49, 180, 206],
            group_id: 0,
            abort_on_error: 0,
            message_body: GetListResponse {
                server_id: [10, 1, 73, 83, 75, 0, 4, 84, 169, 95],
                list_name: [1, 0, 98, 10, 255, 255],
                act_sensor_time: SecIndex(107341992),
                val_list: [
                    ListEntry {
                        obj_name: [1, 0, 96, 50, 1, 1],
                        value: [73, 83, 75],
                    },
                    ListEntry {
                        obj_name: [1, 0, 96, 1, 0, 255],
                        value: [10, 1, 73, 83, 75, 0, 4, 84, 169, 95],
                    },
                    ListEntry {
                        obj_name: [1, 0, 1, 8, 0, 255],
                        status: 1835012,
                        unit: 30,
                        scaler: -1,
                        value: 168248565,
                    },
                    ListEntry {
                        obj_name: [1, 0, 1, 8, 1, 255],
                        unit: 30,
                        scaler: -1,
                        value: 45923,
                    },
                    ListEntry {
                        obj_name: [1, 0, 1, 8, 2, 255],
                        unit: 30,
                        scaler: -1,
                        value: 168202642,
                    },
                    ListEntry {
                        obj_name: [1, 0, 16, 7, 0, 255],
                        unit: 27,
                        scaler: 0,
                        value: 0,
                    },
                ],
            },
        },
        Message {
            transaction_id: [19, 49, 180, 207],
            group_id: 0,
            abort_on_error: 0,
            message_body: CloseResponse,
        },
    ],
)

