---
source: tests/libsml-testing.rs
expression: s
input_file: tests/libsml-testing/ITRON_OpenWay-3.HZ.bin
---
Ok(
    [
        Message {
            transaction_id: [228, 6, 0, 0, 9, 153, 135, 217],
            group_id: 0,
            abort_on_error: 0,
            message_body: OpenResponse {
                req_file_id: [0, 0, 0, 0, 3, 51, 52, 44],
                server_id: [10, 1, 73, 84, 82, 0, 3, 72, 245, 142],
                ref_time: SecIndex(53687960),
            },
        },
        Message {
            transaction_id: [228, 6, 0, 0, 9, 153, 135, 218],
            group_id: 0,
            abort_on_error: 0,
            message_body: GetListResponse {
                server_id: [10, 1, 73, 84, 82, 0, 3, 72, 245, 142],
                list_name: [1, 0, 98, 10, 255, 255],
                act_sensor_time: SecIndex(53687960),
                val_list: [
                    ListEntry {
                        obj_name: [1, 0, 96, 50, 1, 1],
                        value: [73, 84, 82],
                    },
                    ListEntry {
                        obj_name: [1, 0, 96, 1, 0, 255],
                        value: [10, 1, 73, 84, 82, 0, 3, 72, 245, 142],
                    },
                    ListEntry {
                        obj_name: [1, 0, 1, 8, 0, 255],
                        status: 1835268u32,
                        unit: 30,
                        scaler: -1,
                        value: 81895949u64,
                    },
                    ListEntry {
                        obj_name: [1, 0, 16, 7, 0, 255],
                        unit: 27,
                        scaler: 0,
                        value: 613i32,
                    },
                ],
            },
        },
        Message {
            transaction_id: [228, 6, 0, 0, 9, 153, 135, 219],
            group_id: 0,
            abort_on_error: 0,
            message_body: CloseResponse,
        },
    ],
)

